// Jest Snapshot v1, https://goo.gl/fbAQLP

exports[`Snapshot  1`] = `
<DocumentFragment>
  <div
    class="Skills"
  >
    <h3
      class="Title"
    >
      Skills
    </h3>
    <div
      class="Skills"
    />
    <ul
      class="Skills-List"
    >
      <h3
        class="Skill-Sections"
      >
        langues
      </h3>
      <ul>
        <li>
          <p
            class="Skill-Title"
          >
            JavaScript
          </p>
          <div
            class="Skills-Container"
          >
            <div
              class="Skill-iso JavaScript"
            />
          </div>
        </li>
        <li>
          <p
            class="Skill-Title"
          >
            Python
          </p>
          <div
            class="Skills-Container"
          >
            <div
              class="Skill-iso Python"
            />
          </div>
        </li>
        <li>
          <p
            class="Skill-Title"
          >
            Node
          </p>
          <div
            class="Skills-Container"
          >
            <div
              class="Skill-iso Node"
            />
          </div>
        </li>
        <li>
          <p
            class="Skill-Title"
          >
            SQL 
          </p>
          <div
            class="Skills-Container"
          >
            <div
              class="Skill-iso SQL"
            />
          </div>
        </li>
        <li>
          <p
            class="Skill-Title"
          >
            Java
          </p>
          <div
            class="Skills-Container"
          >
            <div
              class="Skill-iso Java"
            />
          </div>
        </li>
        <li>
          <p
            class="Skill-Title"
          >
            C++
          </p>
          <div
            class="Skills-Container"
          >
            <div
              class="Skill-iso C"
            />
          </div>
        </li>
      </ul>
      <h3
        class="Skill-Sections"
      >
        Libaraies
      </h3>
      <ul>
        <li>
          <p
            class="Skill-Title"
          >
            React
          </p>
          <div
            class="Skills-Container"
          >
            <div
              class="Skill-iso React"
            />
          </div>
        </li>
      </ul>
      <h3
        class="Skill-Sections"
      >
        framwork
      </h3>
      <ul>
        <li>
          <p
            class="Skill-Title"
          >
            Express
          </p>
          <div
            class="Skills-Container"
          >
            <div
              class="Skill-iso Express"
            />
          </div>
        </li>
        <li>
          <p
            class="Skill-Title"
          >
            Flask
          </p>
          <div
            class="Skills-Container"
          >
            <div
              class="Skill-iso Flask"
            />
          </div>
        </li>
      </ul>
      <h3
        class="Skill-Sections"
      >
        Other
      </h3>
      <ul>
        <li>
          <p
            class="Skill-Title"
          >
            DOM Manipulation
          </p>
          <div
            class="Skills-Container"
          >
            <div
              class="Skill-iso DOM"
            />
          </div>
        </li>
        <li>
          <p
            class="Skill-Title"
          >
            Object Oriented Programming
          </p>
          <div
            class="Skills-Container"
          >
            <div
              class="Skill-iso Oriented"
            />
          </div>
        </li>
        <li>
          <p
            class="Skill-Title"
          >
            PostgreSQL
          </p>
          <div
            class="Skills-Container"
          >
            <div
              class="Skill-iso PostgreSQL"
            />
          </div>
        </li>
        <li>
          <p
            class="Skill-Title"
          >
            Git
          </p>
          <div
            class="Skills-Container"
          >
            <div
              class="Skill-iso Git"
            />
          </div>
        </li>
        <li>
          <p
            class="Skill-Title"
          >
            Ajax 
          </p>
          <div
            class="Skills-Container"
          >
            <div
              class="Skill-iso Ajax"
            />
          </div>
        </li>
        <li>
          <p
            class="Skill-Title"
          >
            jQuery
          </p>
          <div
            class="Skills-Container"
          >
            <div
              class="Skill-iso jQuery"
            />
          </div>
        </li>
      </ul>
    </ul>
  </div>
</DocumentFragment>
`;
